// Jest Snapshot v1, https://goo.gl/fbAQLP

exports[`Radio Widget component test suite it should render successfully 1`] = `undefined`;
