// Jest Snapshot v1, https://goo.gl/fbAQLP

exports[`App component test suite it should render successfully 1`] = `undefined`;
